Archive member included because of file (symbol)

c:/freescale/kds_v3/toolchain/bin/../lib/gcc/arm-none-eabi/4.8.4/../../../../arm-none-eabi/lib/armv7e-m/fpu\libg_s.a(lib_a-exit.o)
                              c:/freescale/kds_v3/toolchain/bin/../lib/gcc/arm-none-eabi/4.8.4/../../../../arm-none-eabi/lib/armv7e-m/fpu/crt0.o (exit)
c:/freescale/kds_v3/toolchain/bin/../lib/gcc/arm-none-eabi/4.8.4/../../../../arm-none-eabi/lib/armv7e-m/fpu\libg_s.a(lib_a-impure.o)
                              c:/freescale/kds_v3/toolchain/bin/../lib/gcc/arm-none-eabi/4.8.4/../../../../arm-none-eabi/lib/armv7e-m/fpu\libg_s.a(lib_a-exit.o) (_global_impure_ptr)
c:/freescale/kds_v3/toolchain/bin/../lib/gcc/arm-none-eabi/4.8.4/../../../../arm-none-eabi/lib/armv7e-m/fpu\libg_s.a(lib_a-init.o)
                              c:/freescale/kds_v3/toolchain/bin/../lib/gcc/arm-none-eabi/4.8.4/../../../../arm-none-eabi/lib/armv7e-m/fpu/crt0.o (__libc_init_array)
c:/freescale/kds_v3/toolchain/bin/../lib/gcc/arm-none-eabi/4.8.4/../../../../arm-none-eabi/lib/armv7e-m/fpu\libg_s.a(lib_a-memset.o)
                              c:/freescale/kds_v3/toolchain/bin/../lib/gcc/arm-none-eabi/4.8.4/../../../../arm-none-eabi/lib/armv7e-m/fpu/crt0.o (memset)
c:/freescale/kds_v3/toolchain/bin/../lib/gcc/arm-none-eabi/4.8.4/../../../../arm-none-eabi/lib/armv7e-m/fpu\libnosys.a(_exit.o)
                              c:/freescale/kds_v3/toolchain/bin/../lib/gcc/arm-none-eabi/4.8.4/../../../../arm-none-eabi/lib/armv7e-m/fpu\libg_s.a(lib_a-exit.o) (_exit)

Allocating common symbols
Common symbol       size              file

count_1s            0x4               ./Sources/functions.o
ASerialLdd1_DeviceDataPtr
                    0x4               ./Generated_Code/modbusSerial.o
frame_receive       0x80              ./Sources/modbusMaster.o
count_100ms         0x4               ./Sources/functions.o
flag_500ms          0x4               ./Sources/functions.o
poll_flag           0x4               ./Sources/modbusMaster.o
T3_5                0x4               ./Sources/modbusMaster.o
messageOkFlag       0x1               ./Sources/modbusMaster.o
count_poll          0x4               ./Sources/functions.o
total_no_of_packets
                    0x4               ./Sources/modbusMaster.o
flag_1s             0x4               ./Sources/functions.o
regs_rw             0x4               ./Sources/main.o
flag_poll           0x4               ./Sources/modbusMaster.o
transmission_Flag   0x1               ./Sources/modbusMaster.o
messageErrFlag      0x1               ./Sources/modbusMaster.o
flag_100ms          0x4               ./Sources/functions.o
lixoOverflow        0x1               ./Sources/modbusMaster.o
count_10ms          0x4               ./Sources/functions.o
SR_reg              0x1               ./Static_Code/System/CPU_Init.o
count_200ms         0x4               ./Sources/functions.o
count_500ms         0x4               ./Sources/functions.o
count_1ms           0x4               ./Sources/functions.o
frame               0x80              ./Sources/modbusMaster.o
flag_1ms            0x4               ./Sources/functions.o
regs_send           0x10              ./Sources/main.o
flag_10ms           0x4               ./Sources/functions.o
flag_200ms          0x4               ./Sources/functions.o
T1_5                0x4               ./Sources/modbusMaster.o
regs_receive        0x10              ./Sources/main.o

Discarded input sections

 .text          0x00000000        0x0 c:/freescale/kds_v3/toolchain/bin/../lib/gcc/arm-none-eabi/4.8.4/armv7e-m/fpu/crti.o
 .data          0x00000000        0x0 c:/freescale/kds_v3/toolchain/bin/../lib/gcc/arm-none-eabi/4.8.4/armv7e-m/fpu/crti.o
 .bss           0x00000000        0x0 c:/freescale/kds_v3/toolchain/bin/../lib/gcc/arm-none-eabi/4.8.4/armv7e-m/fpu/crti.o
 .data          0x00000000        0x4 c:/freescale/kds_v3/toolchain/bin/../lib/gcc/arm-none-eabi/4.8.4/armv7e-m/fpu/crtbegin.o
 .data          0x00000000        0x0 c:/freescale/kds_v3/toolchain/bin/../lib/gcc/arm-none-eabi/4.8.4/../../../../arm-none-eabi/lib/armv7e-m/fpu/crt0.o
 .bss           0x00000000        0x0 c:/freescale/kds_v3/toolchain/bin/../lib/gcc/arm-none-eabi/4.8.4/../../../../arm-none-eabi/lib/armv7e-m/fpu/crt0.o
 .ARM.extab     0x00000000        0x0 c:/freescale/kds_v3/toolchain/bin/../lib/gcc/arm-none-eabi/4.8.4/../../../../arm-none-eabi/lib/armv7e-m/fpu/crt0.o
 .group         0x00000000        0x8 ./Static_Code/System/CPU_Init.o
 .group         0x00000000        0x8 ./Static_Code/System/CPU_Init.o
 .group         0x00000000        0x8 ./Static_Code/System/CPU_Init.o
 .group         0x00000000        0x8 ./Static_Code/System/CPU_Init.o
 .group         0x00000000        0x8 ./Static_Code/System/CPU_Init.o
 .group         0x00000000        0x8 ./Static_Code/System/CPU_Init.o
 .group         0x00000000        0x8 ./Static_Code/System/CPU_Init.o
[...]
Memory Configuration

Name             Origin             Length             Attributes
m_interrupts     0x00000000         0x00000198         xr
m_text           0x00000410         0x0007fbf0         xr
m_data           0x1fff0000         0x00010000         rw
m_data_20000000  0x20000000         0x00010000         rw
m_cfmprotrom     0x00000400         0x00000010         xr
*default*        0x00000000         0xffffffff

Linker script and memory map

LOAD c:/freescale/kds_v3/toolchain/bin/../lib/gcc/arm-none-eabi/4.8.4/armv7e-m/fpu/crti.o
LOAD c:/freescale/kds_v3/toolchain/bin/../lib/gcc/arm-none-eabi/4.8.4/armv7e-m/fpu/crtbegin.o
LOAD c:/freescale/kds_v3/toolchain/bin/../lib/gcc/arm-none-eabi/4.8.4/../../../../arm-none-eabi/lib/armv7e-m/fpu/crt0.o
LOAD ./Static_Code/System/CPU_Init.o
LOAD ./Static_Code/System/Peripherals_Init.o
LOAD ./Static_Code/System/Vectors.o
LOAD ./Sources/Events.o
LOAD ./Sources/functions.o
LOAD ./Sources/main.o
LOAD ./Sources/modbusMaster.o
LOAD ./Project_Settings/Startup_Code/startup.o
LOAD ./Generated_Code/ASerialLdd1.o
LOAD ./Generated_Code/BitIoLdd1.o
LOAD ./Generated_Code/BitIoLdd2.o
LOAD ./Generated_Code/BitIoLdd3.o
LOAD ./Generated_Code/BitIoLdd4.o
LOAD ./Generated_Code/BitIoLdd5.o
LOAD ./Generated_Code/Cpu.o
LOAD ./Generated_Code/KSDK1.o
LOAD ./Generated_Code/LEDpin1.o
LOAD ./Generated_Code/LEDpin2.o
LOAD ./Generated_Code/LEDpin3.o
LOAD ./Generated_Code/MCUC1.o
LOAD ./Generated_Code/PE_LDD.o
LOAD ./Generated_Code/Pins1.o
LOAD ./Generated_Code/RealTimeLdd2.o
LOAD ./Generated_Code/TU1.o
LOAD ./Generated_Code/TU2.o
LOAD ./Generated_Code/blue.o
LOAD ./Generated_Code/delay.o
LOAD ./Generated_Code/enableModbus.o
LOAD ./Generated_Code/green.o
LOAD ./Generated_Code/indicationModbus.o
LOAD ./Generated_Code/modbusSerial.o
LOAD ./Generated_Code/red.o
LOAD ./Generated_Code/reset.o
LOAD ./Generated_Code/sleepModbus.o
LOAD ./Generated_Code/timeout.o
LOAD ./Generated_Code/timestamp.o
LOAD c:/freescale/kds_v3/toolchain/bin/../lib/gcc/arm-none-eabi/4.8.4/../../../../arm-none-eabi/lib/armv7e-m/fpu\libstdc++_s.a
LOAD c:/freescale/kds_v3/toolchain/bin/../lib/gcc/arm-none-eabi/4.8.4/../../../../arm-none-eabi/lib/armv7e-m/fpu\libm.a
START GROUP
LOAD c:/freescale/kds_v3/toolchain/bin/../lib/gcc/arm-none-eabi/4.8.4/armv7e-m/fpu\libgcc.a
LOAD c:/freescale/kds_v3/toolchain/bin/../lib/gcc/arm-none-eabi/4.8.4/../../../../arm-none-eabi/lib/armv7e-m/fpu\libg_s.a
LOAD c:/freescale/kds_v3/toolchain/bin/../lib/gcc/arm-none-eabi/4.8.4/../../../../arm-none-eabi/lib/armv7e-m/fpu\libc_s.a
END GROUP
START GROUP
LOAD c:/freescale/kds_v3/toolchain/bin/../lib/gcc/arm-none-eabi/4.8.4/armv7e-m/fpu\libgcc.a
LOAD c:/freescale/kds_v3/toolchain/bin/../lib/gcc/arm-none-eabi/4.8.4/../../../../arm-none-eabi/lib/armv7e-m/fpu\libc_s.a
LOAD c:/freescale/kds_v3/toolchain/bin/../lib/gcc/arm-none-eabi/4.8.4/../../../../arm-none-eabi/lib/armv7e-m/fpu\libnosys.a
END GROUP
START GROUP
LOAD c:/freescale/kds_v3/toolchain/bin/../lib/gcc/arm-none-eabi/4.8.4/armv7e-m/fpu\libgcc.a
LOAD c:/freescale/kds_v3/toolchain/bin/../lib/gcc/arm-none-eabi/4.8.4/../../../../arm-none-eabi/lib/armv7e-m/fpu\libc_s.a
LOAD c:/freescale/kds_v3/toolchain/bin/../lib/gcc/arm-none-eabi/4.8.4/../../../../arm-none-eabi/lib/armv7e-m/fpu\libnosys.a
END GROUP
LOAD c:/freescale/kds_v3/toolchain/bin/../lib/gcc/arm-none-eabi/4.8.4/armv7e-m/fpu/crtend.o
LOAD c:/freescale/kds_v3/toolchain/bin/../lib/gcc/arm-none-eabi/4.8.4/armv7e-m/fpu/crtn.o
                0x20000000                _estack = 0x20000000
                0x20000000                __SP_INIT = _estack
                0x20000000                __stack = _estack
                0x00000000                __heap_size = 0x0
                0x00000400                __stack_size = 0x400

.interrupts     0x00000000      0x198
                0x00000000                __vector_table = .
                0x00000000                . = ALIGN (0x4)
 *(.vectortable)
 .vectortable   0x00000000      0x198 ./Static_Code/System/Vectors.o
                0x00000000                __vect_table
                0x00000198                . = ALIGN (0x4)

.cfmprotect     0x00000400       0x10
                0x00000400                . = ALIGN (0x4)
 *(.cfmconfig)
 .cfmconfig     0x00000400       0x10 ./Static_Code/System/CPU_Init.o
                0x00000400                _cfm
                0x00000410                . = ALIGN (0x4)

.text           0x00000410     0x2e58
                0x00000410                . = ALIGN (0x4)
 *(.text)
 .text          0x00000410       0x54 c:/freescale/kds_v3/toolchain/bin/../lib/gcc/arm-none-eabi/4.8.4/armv7e-m/fpu/crtbegin.o
 .text          0x00000464       0x74 c:/freescale/kds_v3/toolchain/bin/../lib/gcc/arm-none-eabi/4.8.4/../../../../arm-none-eabi/lib/armv7e-m/fpu/crt0.o
                0x00000464                _start
                0x00000464                _mainCRTStartup
 *(.text*)
 .text.CPU_SetBASEPRI
                0x000004d8       0x18 ./Static_Code/System/CPU_Init.o
                0x000004d8                CPU_SetBASEPRI
 .text.__init_hardware
                0x000004f0       0xb8 ./Static_Code/System/CPU_Init.o
                0x000004f0                __init_hardware
 .text.PE_low_level_init
                0x000005a8       0x44 ./Static_Code/System/CPU_Init.o
                0x000005a8                PE_low_level_init
 .text.CPU_GetClockGenMode
                0x000005ec       0x90 ./Static_Code/System/CPU_Init.o
                0x000005ec                CPU_GetClockGenMode
 .text.CPU_SetClockConfigGenMode
                0x0000067c      0x54c ./Static_Code/System/CPU_Init.o
                0x0000067c                CPU_SetClockConfigGenMode
 .text.UnhandledInterrupt
                0x00000bc8       0x18 ./Static_Code/System/Vectors.o
                0x00000bc8                UnhandledInterrupt
 .text.modbusSerial_OnError
                0x00000be0        0xc ./Sources/Events.o
                0x00000be0                modbusSerial_OnError
 .text.modbusSerial_OnRxChar
                0x00000bec        0xc ./Sources/Events.o
                0x00000bec                modbusSerial_OnRxChar
 .text.modbusSerial_OnTxChar
                0x00000bf8        0xc ./Sources/Events.o
                0x00000bf8                modbusSerial_OnTxChar
 .text.modbusSerial_OnFullRxBuf
                0x00000c04        0xc ./Sources/Events.o
                0x00000c04                modbusSerial_OnFullRxBuf
 .text.modbusSerial_OnFreeTxBuf
                0x00000c10        0xc ./Sources/Events.o
                0x00000c10                modbusSerial_OnFreeTxBuf
 .text.Cpu_OnNMI
                0x00000c1c        0xc ./Sources/Events.o
                0x00000c1c                Cpu_OnNMI
 .text.TU1_OnCounterRestart
                0x00000c28       0x14 ./Sources/Events.o
                0x00000c28                TU1_OnCounterRestart
 .text.timestamp_OnCounterRestart
                0x00000c3c       0x68 ./Sources/Events.o
                0x00000c3c                timestamp_OnCounterRestart
 .text.reset_OnPortEvent
                0x00000ca4       0x30 ./Sources/Events.o
                0x00000ca4                reset_OnPortEvent
 .text.poll_modbus
                0x00000cd4       0x58 ./Sources/functions.o
                0x00000cd4                poll_modbus
 .text.time_stamp
                0x00000d2c       0xe8 ./Sources/functions.o
                0x00000d2c                time_stamp
 .text.main     0x00000e14       0xa4 ./Sources/main.o
                0x00000e14                main
 .text.modbus_master
                0x00000eb8       0x40 ./Sources/modbusMaster.o
                0x00000eb8                modbus_master
 .text.modbus_configure
                0x00000ef8       0x88 ./Sources/modbusMaster.o
                0x00000ef8                modbus_configure
 .text.modbus_update
                0x00000f80       0xac ./Sources/modbusMaster.o
                0x00000f80                modbus_update
 .text.sendPacket
                0x0000102c      0x128 ./Sources/modbusMaster.o
                0x0000102c                sendPacket
 .text.transmitData
                0x00001154      0x144 ./Sources/modbusMaster.o
                0x00001154                transmitData
 .text.calculateCRC
                0x00001298       0x8c ./Sources/modbusMaster.o
                0x00001298                calculateCRC
 .text.calculateCRC_received
                0x00001324       0x8c ./Sources/modbusMaster.o
                0x00001324                calculateCRC_received
 .text.getData  0x000013b0      0x1d8 ./Sources/modbusMaster.o
                0x000013b0                getData
 .text.verifyData
                0x00001588      0x1ec ./Sources/modbusMaster.o
                0x00001588                verifyData
 .text.__copy_rom_section
                0x00001774       0xe4 ./Project_Settings/Startup_Code/startup.o
                0x00001774                __copy_rom_section
 .text.__copy_rom_sections_to_ram
                0x00001858       0x9c ./Project_Settings/Startup_Code/startup.o
                0x00001858                __copy_rom_sections_to_ram
 .text.__init_registers
                0x000018f4       0x20 ./Project_Settings/Startup_Code/startup.o
                0x000018f4                __init_registers
 .text.__init_user
                0x00001914        0xc ./Project_Settings/Startup_Code/startup.o
                0x00001914                __init_user
 .text.__thumb_startup
                0x00001920       0x34 ./Project_Settings/Startup_Code/startup.o
                0x00001920                __thumb_startup
 .text.ASerialLdd1_Init
                0x00001954      0x1e4 ./Generated_Code/ASerialLdd1.o
                0x00001954                ASerialLdd1_Init
 .text.ASerialLdd1_ReceiveBlock
                0x00001b38       0x90 ./Generated_Code/ASerialLdd1.o
                0x00001b38                ASerialLdd1_ReceiveBlock
 .text.ASerialLdd1_SendBlock
                0x00001bc8       0xbc ./Generated_Code/ASerialLdd1.o
                0x00001bc8                ASerialLdd1_SendBlock
 .text.InterruptRx
                0x00001c84       0x58 ./Generated_Code/ASerialLdd1.o
 .text.InterruptTx
                0x00001cdc       0x80 ./Generated_Code/ASerialLdd1.o
 .text.ASerialLdd1_Interrupt
                0x00001d5c       0xf4 ./Generated_Code/ASerialLdd1.o
                0x00001d5c                ASerialLdd1_Interrupt
 .text.ASerialLdd1_GetError
                0x00001e50       0x70 ./Generated_Code/ASerialLdd1.o
                0x00001e50                ASerialLdd1_GetError
 .text.BitIoLdd1_Init
                0x00001ec0       0x80 ./Generated_Code/BitIoLdd1.o
                0x00001ec0                BitIoLdd1_Init
 .text.BitIoLdd1_SetVal
                0x00001f40       0x1c ./Generated_Code/BitIoLdd1.o
                0x00001f40                BitIoLdd1_SetVal
 .text.BitIoLdd2_Init
                0x00001f5c       0x80 ./Generated_Code/BitIoLdd2.o
                0x00001f5c                BitIoLdd2_Init
 .text.BitIoLdd2_SetVal
                0x00001fdc       0x1c ./Generated_Code/BitIoLdd2.o
                0x00001fdc                BitIoLdd2_SetVal
 .text.BitIoLdd2_NegVal
                0x00001ff8       0x1c ./Generated_Code/BitIoLdd2.o
                0x00001ff8                BitIoLdd2_NegVal
 .text.BitIoLdd3_Init
                0x00002014       0x80 ./Generated_Code/BitIoLdd3.o
                0x00002014                BitIoLdd3_Init
 .text.BitIoLdd3_SetVal
                0x00002094       0x1c ./Generated_Code/BitIoLdd3.o
                0x00002094                BitIoLdd3_SetVal
 .text.BitIoLdd4_Init
                0x000020b0       0x80 ./Generated_Code/BitIoLdd4.o
                0x000020b0                BitIoLdd4_Init
 .text.BitIoLdd4_PutVal
                0x00002130       0x30 ./Generated_Code/BitIoLdd4.o
                0x00002130                BitIoLdd4_PutVal
 .text.BitIoLdd5_Init
                0x00002160       0x80 ./Generated_Code/BitIoLdd5.o
                0x00002160                BitIoLdd5_Init
 .text.BitIoLdd5_PutVal
                0x000021e0       0x30 ./Generated_Code/BitIoLdd5.o
                0x000021e0                BitIoLdd5_PutVal
 .text.Components_Init
                0x00002210       0x64 ./Generated_Code/Cpu.o
                0x00002210                Components_Init
 .text.Cpu_INT_NMIInterrupt
                0x00002274       0x1c ./Generated_Code/Cpu.o
                0x00002274                Cpu_INT_NMIInterrupt
 .text.RealTimeLdd2_Init
                0x00002290       0x7c ./Generated_Code/RealTimeLdd2.o
                0x00002290                RealTimeLdd2_Init
 .text.RealTimeLdd2_Reset
                0x0000230c       0x8c ./Generated_Code/RealTimeLdd2.o
                0x0000230c                RealTimeLdd2_Reset
 .text.RealTimeLdd2_GetTimeMS
                0x00002398       0xc0 ./Generated_Code/RealTimeLdd2.o
                0x00002398                RealTimeLdd2_GetTimeMS
 .text.TU1_OnChannel0
                0x00002458       0x60 ./Generated_Code/RealTimeLdd2.o
                0x00002458                TU1_OnChannel0
 .text.TU1_Init
                0x000024b8       0xe0 ./Generated_Code/TU1.o
                0x000024b8                TU1_Init
 .text.TU1_SetEventMask
                0x00002598      0x11c ./Generated_Code/TU1.o
                0x00002598                TU1_SetEventMask
 .text.TU1_GetEventMask
                0x000026b4       0x1c ./Generated_Code/TU1.o
                0x000026b4                TU1_GetEventMask
 .text.TU1_GetCounterValue
                0x000026d0       0x20 ./Generated_Code/TU1.o
                0x000026d0                TU1_GetCounterValue
 .text.TU1_SetOffsetTicks
                0x000026f0       0x44 ./Generated_Code/TU1.o
                0x000026f0                TU1_SetOffsetTicks
 .text.TU1_GetOffsetTicks
                0x00002734       0x48 ./Generated_Code/TU1.o
                0x00002734                TU1_GetOffsetTicks
 .text.TU1_Interrupt
                0x0000277c       0xb8 ./Generated_Code/TU1.o
                0x0000277c                TU1_Interrupt
 .text.blue_Init
                0x00002834       0x14 ./Generated_Code/blue.o
                0x00002834                blue_Init
 .text.green_Init
                0x00002848       0x14 ./Generated_Code/green.o
                0x00002848                green_Init
 .text.HWEnDi   0x0000285c       0x1c ./Generated_Code/modbusSerial.o
 .text.modbusSerial_RecvChar
                0x00002878       0xd8 ./Generated_Code/modbusSerial.o
                0x00002878                modbusSerial_RecvChar
 .text.modbusSerial_SendChar
                0x00002950       0xdc ./Generated_Code/modbusSerial.o
                0x00002950                modbusSerial_SendChar
 .text.modbusSerial_ClearRxBuf
                0x00002a2c       0x78 ./Generated_Code/modbusSerial.o
                0x00002a2c                modbusSerial_ClearRxBuf
 .text.modbusSerial_ClearTxBuf
                0x00002aa4       0x78 ./Generated_Code/modbusSerial.o
                0x00002aa4                modbusSerial_ClearTxBuf
 .text.modbusSerial_GetCharsInRxBuf
                0x00002b1c       0x18 ./Generated_Code/modbusSerial.o
                0x00002b1c                modbusSerial_GetCharsInRxBuf
 .text.modbusSerial_Init
                0x00002b34       0x60 ./Generated_Code/modbusSerial.o
                0x00002b34                modbusSerial_Init
 .text.ASerialLdd1_OnBlockReceived
                0x00002b94       0xc4 ./Generated_Code/modbusSerial.o
                0x00002b94                ASerialLdd1_OnBlockReceived
 .text.ASerialLdd1_OnBlockSent
                0x00002c58       0xd4 ./Generated_Code/modbusSerial.o
                0x00002c58                ASerialLdd1_OnBlockSent
 .text.ASerialLdd1_OnError
                0x00002d2c       0x9c ./Generated_Code/modbusSerial.o
                0x00002d2c                ASerialLdd1_OnError
 .text.ASerialLdd1_OnBreak
                0x00002dc8       0x24 ./Generated_Code/modbusSerial.o
                0x00002dc8                ASerialLdd1_OnBreak
 .text.red_Init
                0x00002dec       0x14 ./Generated_Code/red.o
                0x00002dec                red_Init
 .text.reset_Init
                0x00002e00       0xb0 ./Generated_Code/reset.o
                0x00002e00                reset_Init
 .text.reset_Interrupt
                0x00002eb0       0x54 ./Generated_Code/reset.o
                0x00002eb0                reset_Interrupt
 .text.sleepModbus_Wait10Cycles
                0x00002f04        0x8 ./Generated_Code/sleepModbus.o
                0x00002f04                sleepModbus_Wait10Cycles
 .text.sleepModbus_Wait100Cycles
                0x00002f0c       0x28 ./Generated_Code/sleepModbus.o
                0x00002f0c                sleepModbus_Wait100Cycles
 .text.sleepModbus_WaitCycles
                0x00002f34       0x34 ./Generated_Code/sleepModbus.o
                0x00002f34                sleepModbus_WaitCycles
 .text.sleepModbus_WaitLongCycles
                0x00002f68       0x38 ./Generated_Code/sleepModbus.o
                0x00002f68                sleepModbus_WaitLongCycles
 .text.sleepModbus_Waitms
                0x00002fa0       0x2c ./Generated_Code/sleepModbus.o
                0x00002fa0                sleepModbus_Waitms
 .text.timestamp_Init
                0x00002fcc       0x8c ./Generated_Code/timestamp.o
                0x00002fcc                timestamp_Init
 .text.timestamp_Interrupt
                0x00003058       0x6c ./Generated_Code/timestamp.o
                0x00003058                timestamp_Interrupt
 .text.exit     0x000030c4       0x28 c:/freescale/kds_v3/toolchain/bin/../lib/gcc/arm-none-eabi/4.8.4/../../../../arm-none-eabi/lib/armv7e-m/fpu\libg_s.a(lib_a-exit.o)
                0x000030c4                exit
 .text.__libc_init_array
                0x000030ec       0x4c c:/freescale/kds_v3/toolchain/bin/../lib/gcc/arm-none-eabi/4.8.4/../../../../arm-none-eabi/lib/armv7e-m/fpu\libg_s.a(lib_a-init.o)
                0x000030ec                __libc_init_array
 .text.memset   0x00003138       0x10 c:/freescale/kds_v3/toolchain/bin/../lib/gcc/arm-none-eabi/4.8.4/../../../../arm-none-eabi/lib/armv7e-m/fpu\libg_s.a(lib_a-memset.o)
                0x00003138                memset
 .text._exit    0x00003148        0x4 c:/freescale/kds_v3/toolchain/bin/../lib/gcc/arm-none-eabi/4.8.4/../../../../arm-none-eabi/lib/armv7e-m/fpu\libnosys.a(_exit.o)
                0x00003148                _exit
 *(.rodata)
 *(.rodata*)
 .rodata.ClockGenModeMatrix
                0x0000314c       0x80 ./Static_Code/System/CPU_Init.o
 .rodata.CPU_ClockConfigDescriptors
                0x000031cc       0x1c ./Static_Code/System/CPU_Init.o
 .rodata.CPU_DefaultFEI
                0x000031e8        0x8 ./Static_Code/System/CPU_Init.o
 .rodata.CPU_DefaultFBI
                0x000031f0        0x8 ./Static_Code/System/CPU_Init.o
 .rodata.CPU_DefaultBLPI
                0x000031f8        0x8 ./Static_Code/System/CPU_Init.o
 .rodata.CPU_DefaultFEE
                0x00003200        0x8 ./Static_Code/System/CPU_Init.o
 .rodata.CPU_DefaultFBE
                0x00003208        0x8 ./Static_Code/System/CPU_Init.o
 .rodata.CPU_DefaultBLPE
                0x00003210        0x8 ./Static_Code/System/CPU_Init.o
 .rodata.CPU_DefaultPBE
                0x00003218        0x8 ./Static_Code/System/CPU_Init.o
 .rodata.CPU_DefaultPEE
                0x00003220        0x8 ./Static_Code/System/CPU_Init.o
 .rodata.CPU_ClockGenModeRegs
                0x00003228       0x20 ./Static_Code/System/CPU_Init.o
 .rodata.str1.1
                0x00003248        0x2 c:/freescale/kds_v3/toolchain/bin/../lib/gcc/arm-none-eabi/4.8.4/../../../../arm-none-eabi/lib/armv7e-m/fpu\libg_s.a(lib_a-impure.o)
 *fill*         0x0000324a        0x2 
 .rodata._global_impure_ptr
                0x0000324c        0x4 c:/freescale/kds_v3/toolchain/bin/../lib/gcc/arm-none-eabi/4.8.4/../../../../arm-none-eabi/lib/armv7e-m/fpu\libg_s.a(lib_a-impure.o)
                0x0000324c                _global_impure_ptr
 *(.glue_7)
 .glue_7        0x00000000        0x0 linker stubs
 *(.glue_7t)
 .glue_7t       0x00000000        0x0 linker stubs
 *(.eh_frame)
 .eh_frame      0x00003250        0x0 c:/freescale/kds_v3/toolchain/bin/../lib/gcc/arm-none-eabi/4.8.4/armv7e-m/fpu/crtbegin.o
 *(.init)
 .init          0x00003250        0x4 c:/freescale/kds_v3/toolchain/bin/../lib/gcc/arm-none-eabi/4.8.4/armv7e-m/fpu/crti.o
                0x00003250                _init
 .init          0x00003254        0x8 c:/freescale/kds_v3/toolchain/bin/../lib/gcc/arm-none-eabi/4.8.4/armv7e-m/fpu/crtn.o
 *(.fini)
 .fini          0x0000325c        0x4 c:/freescale/kds_v3/toolchain/bin/../lib/gcc/arm-none-eabi/4.8.4/armv7e-m/fpu/crti.o
                0x0000325c                _fini
 .fini          0x00003260        0x8 c:/freescale/kds_v3/toolchain/bin/../lib/gcc/arm-none-eabi/4.8.4/armv7e-m/fpu/crtn.o
                0x00003268                . = ALIGN (0x4)
                0x00003268                _etext = .

.vfp11_veneer   0x00003268        0x0
 .vfp11_veneer  0x00000000        0x0 linker stubs

.v4_bx          0x00003268        0x0
 .v4_bx         0x00000000        0x0 linker stubs

.iplt           0x00003268        0x0
 .iplt          0x00000000        0x0 c:/freescale/kds_v3/toolchain/bin/../lib/gcc/arm-none-eabi/4.8.4/armv7e-m/fpu/crtbegin.o

.ARM.extab
 *(.ARM.extab* .gnu.linkonce.armextab.*)

.ARM            0x00003268        0x8
                0x00003268                __exidx_start = .
 *(.ARM.exidx*)
 .ARM.exidx     0x00003268        0x8 c:/freescale/kds_v3/toolchain/bin/../lib/gcc/arm-none-eabi/4.8.4/../../../../arm-none-eabi/lib/armv7e-m/fpu/crt0.o
                0x00003270                __exidx_end = .

.rel.dyn        0x00003270        0x0
 .rel.iplt      0x00000000        0x0 c:/freescale/kds_v3/toolchain/bin/../lib/gcc/arm-none-eabi/4.8.4/armv7e-m/fpu/crtbegin.o

.ctors          0x00003270        0x0
                0x00003270                __CTOR_LIST__ = .
 *crtbegin.o(.ctors)
 *(EXCLUDE_FILE(*crtend.o) .ctors)
 *(SORT(.ctors.*))
 *(.ctors)
                0x00003270                __CTOR_END__ = .

.dtors          0x00003270        0x0
                0x00003270                __DTOR_LIST__ = .
 *crtbegin.o(.dtors)
 *(EXCLUDE_FILE(*crtend.o) .dtors)
 *(SORT(.dtors.*))
 *(.dtors)
                0x00003270                __DTOR_END__ = .

.preinit_array  0x00003270        0x0
                0x00003270                PROVIDE (__preinit_array_start, .)
 *(.preinit_array*)
                0x00003270                PROVIDE (__preinit_array_end, .)

.init_array     0x00003270        0x4
                0x00003270                PROVIDE (__init_array_start, .)
 *(SORT(.init_array.*))
 *(.init_array*)
 .init_array    0x00003270        0x4 c:/freescale/kds_v3/toolchain/bin/../lib/gcc/arm-none-eabi/4.8.4/armv7e-m/fpu/crtbegin.o
                0x00003274                PROVIDE (__init_array_end, .)

.fini_array     0x00003274        0x4
                0x00003274                PROVIDE (__fini_array_start, .)
 *(SORT(.fini_array.*))
 *(.fini_array*)
 .fini_array    0x00003274        0x4 c:/freescale/kds_v3/toolchain/bin/../lib/gcc/arm-none-eabi/4.8.4/armv7e-m/fpu/crtbegin.o
                0x00003278                PROVIDE (__fini_array_end, .)
                0x00003278                ___ROM_AT = .

.data           0x1fff0000       0x88 load address 0x00003278
                0x1fff0000                . = ALIGN (0x4)
                0x1fff0000                _sdata = .
 *(.data)
 *(.data*)
 .data.rs1      0x1fff0000        0x4 ./Sources/main.o
                0x1fff0000                rs1
 .data.rs2      0x1fff0004        0x4 ./Sources/main.o
                0x1fff0004                rs2
 .data.rs3      0x1fff0008        0x4 ./Sources/main.o
                0x1fff0008                rs3
 .data.rs4      0x1fff000c        0x4 ./Sources/main.o
                0x1fff000c                rs4
 .data.ID       0x1fff0010        0x1 ./Sources/main.o
                0x1fff0010                ID
 .data.FC       0x1fff0011        0x1 ./Sources/main.o
                0x1fff0011                FC
 *fill*         0x1fff0012        0x2 
 .data.REG_NUM  0x1fff0014        0x4 ./Sources/main.o
                0x1fff0014                REG_NUM
 .data.timeout  0x1fff0018        0x4 ./Sources/modbusMaster.o
                0x1fff0018                timeout
 .data.polling  0x1fff001c        0x4 ./Sources/modbusMaster.o
                0x1fff001c                polling
 .data.error_max
                0x1fff0020        0x4 ./Sources/modbusMaster.o
                0x1fff0020                error_max
 .data.baud     0x1fff0024        0x4 ./Sources/modbusMaster.o
                0x1fff0024                baud
 .data.impure_data
                0x1fff0028       0x60 c:/freescale/kds_v3/toolchain/bin/../lib/gcc/arm-none-eabi/4.8.4/../../../../arm-none-eabi/lib/armv7e-m/fpu\libg_s.a(lib_a-impure.o)
                0x1fff0088                . = ALIGN (0x4)
                0x1fff0088                _edata = .
                0x00000088                ___data_size = (_edata - _sdata)
                0x00003300                ___m_data_20000000_ROMStart = (___ROM_AT + SIZEOF (.data))

.jcr            0x1fff0088        0x0 load address 0x00003300
 .jcr           0x1fff0088        0x0 c:/freescale/kds_v3/toolchain/bin/../lib/gcc/arm-none-eabi/4.8.4/armv7e-m/fpu/crtbegin.o

.igot.plt       0x1fff0088        0x0 load address 0x00003300
 .igot.plt      0x00000000        0x0 c:/freescale/kds_v3/toolchain/bin/../lib/gcc/arm-none-eabi/4.8.4/armv7e-m/fpu/crtbegin.o

.m_data_20000000
                0x20000000        0x0 load address 0x00003300
                0x20000000                . = ALIGN (0x4)
                0x20000000                ___m_data_20000000_RAMStart = .
 *(.m_data_20000000)
                0x20000000                ___m_data_20000000_RAMEnd = .
                0x20000000                . = ALIGN (0x4)
                0x00000000                ___m_data_20000000_ROMSize = (___m_data_20000000_RAMEnd - ___m_data_20000000_RAMStart)
                0x20000000                . = ALIGN (0x4)

.bss            0x1fff0088      0x3b8 load address 0x00003300
                0x1fff0088                __START_BSS = .
                0x1fff0088                PROVIDE (__bss_start__, __START_BSS)
 *(.bss)
 .bss           0x1fff0088       0x1c c:/freescale/kds_v3/toolchain/bin/../lib/gcc/arm-none-eabi/4.8.4/armv7e-m/fpu/crtbegin.o
 *(.bss*)
 .bss.SR_lock   0x1fff00a4        0x1 ./Static_Code/System/CPU_Init.o
                0x1fff00a4                SR_lock
 *fill*         0x1fff00a5        0x3 
 .bss.rr1       0x1fff00a8        0x4 ./Sources/main.o
                0x1fff00a8                rr1
 .bss.rr2       0x1fff00ac        0x4 ./Sources/main.o
                0x1fff00ac                rr2
 .bss.rr3       0x1fff00b0        0x4 ./Sources/main.o
                0x1fff00b0                rr3
 .bss.rr4       0x1fff00b4        0x4 ./Sources/main.o
                0x1fff00b4                rr4
 .bss.AD        0x1fff00b8        0x4 ./Sources/main.o
                0x1fff00b8                AD
 .bss.pack      0x1fff00bc       0x48 ./Sources/modbusMaster.o
 .bss.timeout_flag
                0x1fff0104        0x4 ./Sources/modbusMaster.o
                0x1fff0104                timeout_flag
 .bss.error_total
                0x1fff0108        0x4 ./Sources/modbusMaster.o
                0x1fff0108                error_total
 .bss.DeviceDataPrv__DEFAULT_RTOS_ALLOC
                0x1fff010c       0x20 ./Generated_Code/ASerialLdd1.o
 .bss.INT_UART1_RX_TX__DEFAULT_RTOS_ISRPARAM
                0x1fff012c        0x4 ./Generated_Code/ASerialLdd1.o
 .bss.INT_UART1_ERR__DEFAULT_RTOS_ISRPARAM
                0x1fff0130        0x4 ./Generated_Code/ASerialLdd1.o
 .bss.DeviceDataPrv__DEFAULT_RTOS_ALLOC
                0x1fff0134        0x4 ./Generated_Code/BitIoLdd1.o
 .bss.DeviceDataPrv__DEFAULT_RTOS_ALLOC
                0x1fff0138        0x4 ./Generated_Code/BitIoLdd2.o
 .bss.DeviceDataPrv__DEFAULT_RTOS_ALLOC
                0x1fff013c        0x4 ./Generated_Code/BitIoLdd3.o
 .bss.DeviceDataPrv__DEFAULT_RTOS_ALLOC
                0x1fff0140        0x4 ./Generated_Code/BitIoLdd4.o
 .bss.DeviceDataPrv__DEFAULT_RTOS_ALLOC
                0x1fff0144        0x4 ./Generated_Code/BitIoLdd5.o
 .bss.PE_LDD_DeviceDataList
                0x1fff0148       0x2c ./Generated_Code/PE_LDD.o
                0x1fff0148                PE_LDD_DeviceDataList
 .bss.DeviceDataPrv__DEFAULT_RTOS_ALLOC
                0x1fff0174       0x14 ./Generated_Code/RealTimeLdd2.o
 .bss.DeviceDataPrv__DEFAULT_RTOS_ALLOC
                0x1fff0188        0xc ./Generated_Code/TU1.o
 .bss.INT_FTM1__DEFAULT_RTOS_ISRPARAM
                0x1fff0194        0x4 ./Generated_Code/TU1.o
 .bss.SerFlag   0x1fff0198        0x2 ./Generated_Code/modbusSerial.o
 .bss.modbusSerial_InpLen
                0x1fff019a        0x2 ./Generated_Code/modbusSerial.o
 .bss.InpIndexR
                0x1fff019c        0x2 ./Generated_Code/modbusSerial.o
 .bss.InpIndexW
                0x1fff019e        0x2 ./Generated_Code/modbusSerial.o
 .bss.InpBuffer
                0x1fff01a0       0x80 ./Generated_Code/modbusSerial.o
 .bss.BufferRead
                0x1fff0220        0x1 ./Generated_Code/modbusSerial.o
 *fill*         0x1fff0221        0x1 
 .bss.modbusSerial_OutLen
                0x1fff0222        0x2 ./Generated_Code/modbusSerial.o
 .bss.OutIndexR
                0x1fff0224        0x2 ./Generated_Code/modbusSerial.o
 .bss.OutIndexW
                0x1fff0226        0x2 ./Generated_Code/modbusSerial.o
 .bss.OutBuffer
                0x1fff0228       0x80 ./Generated_Code/modbusSerial.o
 .bss.OnFreeTxBufSemaphore
                0x1fff02a8        0x1 ./Generated_Code/modbusSerial.o
 *fill*         0x1fff02a9        0x3 
 .bss.DeviceDataPrv__DEFAULT_RTOS_ALLOC
                0x1fff02ac        0x8 ./Generated_Code/reset.o
 .bss.INT_PORTB__DEFAULT_RTOS_ISRPARAM
                0x1fff02b4        0x4 ./Generated_Code/reset.o
 .bss.DeviceDataPrv__DEFAULT_RTOS_ALLOC
                0x1fff02b8        0x8 ./Generated_Code/timestamp.o
 .bss.INT_FTM2__DEFAULT_RTOS_ISRPARAM
                0x1fff02c0        0x4 ./Generated_Code/timestamp.o
 *(COMMON)
 COMMON         0x1fff02c4        0x1 ./Static_Code/System/CPU_Init.o
                0x1fff02c4                SR_reg
 *fill*         0x1fff02c5        0x3 
 COMMON         0x1fff02c8       0x34 ./Sources/functions.o
                0x1fff02c8                count_1s
                0x1fff02cc                count_100ms
                0x1fff02d0                flag_500ms
                0x1fff02d4                count_poll
                0x1fff02d8                flag_1s
                0x1fff02dc                flag_100ms
                0x1fff02e0                count_10ms
                0x1fff02e4                count_200ms
                0x1fff02e8                count_500ms
                0x1fff02ec                count_1ms
                0x1fff02f0                flag_1ms
                0x1fff02f4                flag_10ms
                0x1fff02f8                flag_200ms
 COMMON         0x1fff02fc       0x24 ./Sources/main.o
                0x1fff02fc                regs_rw
                0x1fff0300                regs_send
                0x1fff0310                regs_receive
 COMMON         0x1fff0320      0x11c ./Sources/modbusMaster.o
                0x1fff0320                frame_receive
                0x1fff03a0                poll_flag
                0x1fff03a4                T3_5
                0x1fff03a8                messageOkFlag
                0x1fff03ac                total_no_of_packets
                0x1fff03b0                flag_poll
                0x1fff03b4                transmission_Flag
                0x1fff03b5                messageErrFlag
                0x1fff03b6                lixoOverflow
                0x1fff03b8                frame
                0x1fff0438                T1_5
 COMMON         0x1fff043c        0x4 ./Generated_Code/modbusSerial.o
                0x1fff043c                ASerialLdd1_DeviceDataPtr
                0x1fff0440                . = ALIGN (0x4)
                0x1fff0440                __END_BSS = .
                0x1fff0440                PROVIDE (__bss_end__, __END_BSS)
                0x00003300                _romp_at = ((___ROM_AT + SIZEOF (.data)) + SIZEOF (.m_data_20000000))

.romp           0x1fff0440       0x24 load address 0x00003300
                0x00003300                __S_romp = _romp_at
                0x1fff0440        0x4 LONG 0x3278 ___ROM_AT
                0x1fff0444        0x4 LONG 0x1fff0000 _sdata
                0x1fff0448        0x4 LONG 0x88 ___data_size
                0x1fff044c        0x4 LONG 0x3300 ___m_data_20000000_ROMStart
                0x1fff0450        0x4 LONG 0x20000000 ___m_data_20000000_RAMStart
                0x1fff0454        0x4 LONG 0x0 ___m_data_20000000_ROMSize
                0x1fff0458        0x4 LONG 0x0
                0x1fff045c        0x4 LONG 0x0
                0x1fff0460        0x4 LONG 0x0
                0x00080000                text_end = (ORIGIN (m_text) + 0x7fbf0)
                0x00003324                data_init_end = ((___m_data_20000000_ROMStart + SIZEOF (.m_data_20000000)) + SIZEOF (.romp))
                0x00000001                ASSERT ((data_init_end <= text_end), region m_text overflowed with text and data)

._user_heap_stack
                0x1fff0464      0x400 load address 0x00003324
                0x1fff0464                . = ALIGN (0x4)
                0x1fff0464                PROVIDE (end, .)
                0x1fff0464                PROVIDE (_end, .)
                0x1fff0464                PROVIDE (__end__, .)
                0x1fff0464                __heap_addr = .
                0x1fff0464                __HeapBase = .
                0x1fff0464                . = (. + __heap_size)
                0x1fff0464                __HeapLimit = .
                0x1fff0864                . = (. + __stack_size)
 *fill*         0x1fff0464      0x400 
                0x1fff0864                . = ALIGN (0x4)

.ARM.attributes
                0x00000000       0x30
 *(.ARM.attributes)
 .ARM.attributes
                0x00000000       0x22 c:/freescale/kds_v3/toolchain/bin/../lib/gcc/arm-none-eabi/4.8.4/armv7e-m/fpu/crti.o
 .ARM.attributes
                0x00000022       0x34 c:/freescale/kds_v3/toolchain/bin/../lib/gcc/arm-none-eabi/4.8.4/armv7e-m/fpu/crtbegin.o
 .ARM.attributes
                0x00000056       0x20 c:/freescale/kds_v3/toolchain/bin/../lib/gcc/arm-none-eabi/4.8.4/../../../../arm-none-eabi/lib/armv7e-m/fpu/crt0.o
 .ARM.attributes
                0x00000076       0x39 ./Static_Code/System/CPU_Init.o
 .ARM.attributes
                0x000000af       0x39 ./Static_Code/System/Vectors.o
 .ARM.attributes
                0x000000e8       0x39 ./Sources/Events.o
 .ARM.attributes
                0x00000121       0x39 ./Sources/functions.o
 .ARM.attributes
                0x0000015a       0x39 ./Sources/main.o
 .ARM.attributes
                0x00000193       0x39 ./Sources/modbusMaster.o
 .ARM.attributes
                0x000001cc       0x39 ./Project_Settings/Startup_Code/startup.o
 .ARM.attributes
                0x00000205       0x39 ./Generated_Code/ASerialLdd1.o
 .ARM.attributes
                0x0000023e       0x39 ./Generated_Code/BitIoLdd1.o
 .ARM.attributes
                0x00000277       0x39 ./Generated_Code/BitIoLdd2.o
 .ARM.attributes
                0x000002b0       0x39 ./Generated_Code/BitIoLdd3.o
 .ARM.attributes
                0x000002e9       0x39 ./Generated_Code/BitIoLdd4.o
 .ARM.attributes
                0x00000322       0x39 ./Generated_Code/BitIoLdd5.o
 .ARM.attributes
                0x0000035b       0x39 ./Generated_Code/Cpu.o
 .ARM.attributes
                0x00000394       0x39 ./Generated_Code/PE_LDD.o
 .ARM.attributes
                0x000003cd       0x39 ./Generated_Code/RealTimeLdd2.o
 .ARM.attributes
                0x00000406       0x39 ./Generated_Code/TU1.o
 .ARM.attributes
                0x0000043f       0x39 ./Generated_Code/blue.o
 .ARM.attributes
                0x00000478       0x39 ./Generated_Code/green.o
 .ARM.attributes
                0x000004b1       0x39 ./Generated_Code/modbusSerial.o
 .ARM.attributes
                0x000004ea       0x39 ./Generated_Code/red.o
 .ARM.attributes
                0x00000523       0x39 ./Generated_Code/reset.o
 .ARM.attributes
                0x0000055c       0x39 ./Generated_Code/sleepModbus.o
 .ARM.attributes
                0x00000595       0x39 ./Generated_Code/timestamp.o
 .ARM.attributes
                0x000005ce       0x34 c:/freescale/kds_v3/toolchain/bin/../lib/gcc/arm-none-eabi/4.8.4/../../../../arm-none-eabi/lib/armv7e-m/fpu\libg_s.a(lib_a-exit.o)
 .ARM.attributes
                0x00000602       0x34 c:/freescale/kds_v3/toolchain/bin/../lib/gcc/arm-none-eabi/4.8.4/../../../../arm-none-eabi/lib/armv7e-m/fpu\libg_s.a(lib_a-impure.o)
 .ARM.attributes
                0x00000636       0x34 c:/freescale/kds_v3/toolchain/bin/../lib/gcc/arm-none-eabi/4.8.4/../../../../arm-none-eabi/lib/armv7e-m/fpu\libg_s.a(lib_a-init.o)
 .ARM.attributes
                0x0000066a       0x34 c:/freescale/kds_v3/toolchain/bin/../lib/gcc/arm-none-eabi/4.8.4/../../../../arm-none-eabi/lib/armv7e-m/fpu\libg_s.a(lib_a-memset.o)
 .ARM.attributes
                0x0000069e       0x34 c:/freescale/kds_v3/toolchain/bin/../lib/gcc/arm-none-eabi/4.8.4/../../../../arm-none-eabi/lib/armv7e-m/fpu\libnosys.a(_exit.o)
 .ARM.attributes
                0x000006d2       0x22 c:/freescale/kds_v3/toolchain/bin/../lib/gcc/arm-none-eabi/4.8.4/armv7e-m/fpu/crtn.o
OUTPUT(FRDM22-M1.elf elf32-littlearm)

.debug_info     0x00000000     0x7044
 .debug_info    0x00000000      0xac0 ./Static_Code/System/CPU_Init.o
 .debug_info    0x00000ac0      0x82d ./Static_Code/System/Vectors.o
 .debug_info    0x000012ed      0x276 ./Sources/Events.o
 .debug_info    0x00001563      0x279 ./Sources/functions.o
 .debug_info    0x000017dc      0x38d ./Sources/main.o
 .debug_info    0x00001b69      0x7f0 ./Sources/modbusMaster.o
 .debug_info    0x00002359      0x3b0 ./Project_Settings/Startup_Code/startup.o
 .debug_info    0x00002709      0xa74 ./Generated_Code/ASerialLdd1.o
 .debug_info    0x0000317d      0x4f5 ./Generated_Code/BitIoLdd1.o
 .debug_info    0x00003672      0x4f5 ./Generated_Code/BitIoLdd2.o
 .debug_info    0x00003b67      0x4f5 ./Generated_Code/BitIoLdd3.o
 .debug_info    0x0000405c      0x503 ./Generated_Code/BitIoLdd4.o
 .debug_info    0x0000455f      0x503 ./Generated_Code/BitIoLdd5.o
 .debug_info    0x00004a62      0x28c ./Generated_Code/Cpu.o
 .debug_info    0x00004cee      0x24d ./Generated_Code/PE_LDD.o
 .debug_info    0x00004f3b      0x389 ./Generated_Code/RealTimeLdd2.o
 .debug_info    0x000052c4      0x81c ./Generated_Code/TU1.o
 .debug_info    0x00005ae0      0x10b ./Generated_Code/blue.o
 .debug_info    0x00005beb      0x10b ./Generated_Code/green.o
 .debug_info    0x00005cf6      0x52f ./Generated_Code/modbusSerial.o
 .debug_info    0x00006225      0x10b ./Generated_Code/red.o
 .debug_info    0x00006330      0x743 ./Generated_Code/reset.o
 .debug_info    0x00006a73      0x14f ./Generated_Code/sleepModbus.o
 .debug_info    0x00006bc2      0x482 ./Generated_Code/timestamp.o

.debug_abbrev   0x00000000     0x1d83
 .debug_abbrev  0x00000000      0x1bf ./Static_Code/System/CPU_Init.o
 .debug_abbrev  0x000001bf       0xd8 ./Static_Code/System/Vectors.o
 .debug_abbrev  0x00000297       0xf5 ./Sources/Events.o
 .debug_abbrev  0x0000038c       0xbb ./Sources/functions.o
 .debug_abbrev  0x00000447       0xc2 ./Sources/main.o
 .debug_abbrev  0x00000509      0x1ab ./Sources/modbusMaster.o
 .debug_abbrev  0x000006b4      0x189 ./Project_Settings/Startup_Code/startup.o
 .debug_abbrev  0x0000083d      0x1e8 ./Generated_Code/ASerialLdd1.o
 .debug_abbrev  0x00000a25      0x14e ./Generated_Code/BitIoLdd1.o
 .debug_abbrev  0x00000b73      0x14e ./Generated_Code/BitIoLdd2.o
 .debug_abbrev  0x00000cc1      0x14e ./Generated_Code/BitIoLdd3.o
 .debug_abbrev  0x00000e0f      0x15d ./Generated_Code/BitIoLdd4.o
 .debug_abbrev  0x00000f6c      0x15d ./Generated_Code/BitIoLdd5.o
 .debug_abbrev  0x000010c9       0xb7 ./Generated_Code/Cpu.o
 .debug_abbrev  0x00001180      0x10d ./Generated_Code/PE_LDD.o
 .debug_abbrev  0x0000128d      0x150 ./Generated_Code/RealTimeLdd2.o
 .debug_abbrev  0x000013dd      0x1b4 ./Generated_Code/TU1.o
 .debug_abbrev  0x00001591       0xc6 ./Generated_Code/blue.o
 .debug_abbrev  0x00001657       0xc6 ./Generated_Code/green.o
 .debug_abbrev  0x0000171d      0x1d6 ./Generated_Code/modbusSerial.o
 .debug_abbrev  0x000018f3       0xc6 ./Generated_Code/red.o
 .debug_abbrev  0x000019b9      0x1af ./Generated_Code/reset.o
 .debug_abbrev  0x00001b68       0xb1 ./Generated_Code/sleepModbus.o
 .debug_abbrev  0x00001c19      0x16a ./Generated_Code/timestamp.o

.debug_aranges  0x00000000      0x938
 .debug_aranges
                0x00000000       0x40 ./Static_Code/System/CPU_Init.o
 .debug_aranges
                0x00000040      0x340 ./Static_Code/System/Vectors.o
 .debug_aranges
                0x00000380       0x68 ./Sources/Events.o
 .debug_aranges
                0x000003e8       0x30 ./Sources/functions.o
 .debug_aranges
                0x00000418       0x20 ./Sources/main.o
 .debug_aranges
                0x00000438       0x60 ./Sources/modbusMaster.o
 .debug_aranges
                0x00000498       0x50 ./Project_Settings/Startup_Code/startup.o
 .debug_aranges
                0x000004e8       0x50 ./Generated_Code/ASerialLdd1.o
 .debug_aranges
                0x00000538       0x40 ./Generated_Code/BitIoLdd1.o
 .debug_aranges
                0x00000578       0x40 ./Generated_Code/BitIoLdd2.o
 .debug_aranges
                0x000005b8       0x40 ./Generated_Code/BitIoLdd3.o
 .debug_aranges
                0x000005f8       0x40 ./Generated_Code/BitIoLdd4.o
 .debug_aranges
                0x00000638       0x40 ./Generated_Code/BitIoLdd5.o
 .debug_aranges
                0x00000678       0x28 ./Generated_Code/Cpu.o
 .debug_aranges
                0x000006a0       0x30 ./Generated_Code/PE_LDD.o
 .debug_aranges
                0x000006d0       0x40 ./Generated_Code/RealTimeLdd2.o
 .debug_aranges
                0x00000710       0x50 ./Generated_Code/TU1.o
 .debug_aranges
                0x00000760       0x30 ./Generated_Code/blue.o
 .debug_aranges
                0x00000790       0x30 ./Generated_Code/green.o
 .debug_aranges
                0x000007c0       0x90 ./Generated_Code/modbusSerial.o
 .debug_aranges
                0x00000850       0x30 ./Generated_Code/red.o
 .debug_aranges
                0x00000880       0x50 ./Generated_Code/reset.o
 .debug_aranges
                0x000008d0       0x40 ./Generated_Code/sleepModbus.o
 .debug_aranges
                0x00000910       0x28 ./Generated_Code/timestamp.o

.debug_ranges   0x00000000      0x7b8
 .debug_ranges  0x00000000       0x30 ./Static_Code/System/CPU_Init.o
 .debug_ranges  0x00000030      0x330 ./Static_Code/System/Vectors.o
 .debug_ranges  0x00000360       0x58 ./Sources/Events.o
 .debug_ranges  0x000003b8       0x20 ./Sources/functions.o
 .debug_ranges  0x000003d8       0x10 ./Sources/main.o
 .debug_ranges  0x000003e8       0x50 ./Sources/modbusMaster.o
 .debug_ranges  0x00000438       0x40 ./Project_Settings/Startup_Code/startup.o
 .debug_ranges  0x00000478       0x40 ./Generated_Code/ASerialLdd1.o
 .debug_ranges  0x000004b8       0x30 ./Generated_Code/BitIoLdd1.o
 .debug_ranges  0x000004e8       0x30 ./Generated_Code/BitIoLdd2.o
 .debug_ranges  0x00000518       0x30 ./Generated_Code/BitIoLdd3.o
 .debug_ranges  0x00000548       0x30 ./Generated_Code/BitIoLdd4.o
 .debug_ranges  0x00000578       0x30 ./Generated_Code/BitIoLdd5.o
 .debug_ranges  0x000005a8       0x18 ./Generated_Code/Cpu.o
 .debug_ranges  0x000005c0       0x20 ./Generated_Code/PE_LDD.o
 .debug_ranges  0x000005e0       0x30 ./Generated_Code/RealTimeLdd2.o
 .debug_ranges  0x00000610       0x40 ./Generated_Code/TU1.o
 .debug_ranges  0x00000650       0x20 ./Generated_Code/blue.o
 .debug_ranges  0x00000670       0x20 ./Generated_Code/green.o
 .debug_ranges  0x00000690       0x80 ./Generated_Code/modbusSerial.o
 .debug_ranges  0x00000710       0x20 ./Generated_Code/red.o
 .debug_ranges  0x00000730       0x40 ./Generated_Code/reset.o
 .debug_ranges  0x00000770       0x30 ./Generated_Code/sleepModbus.o
 .debug_ranges  0x000007a0       0x18 ./Generated_Code/timestamp.o

.debug_macro    0x00000000    0x26bd6
 .debug_macro   0x00000000      0x304 ./Static_Code/System/CPU_Init.o
 .debug_macro   0x00000304      0x850 ./Static_Code/System/CPU_Init.o
 .debug_macro   0x00000b54       0x16 ./Static_Code/System/CPU_Init.o
 .debug_macro   0x00000b6a       0x44 ./Static_Code/System/CPU_Init.o
 .debug_macro   0x00000bae      0x209 ./Static_Code/System/CPU_Init.o
 .debug_macro   0x00000db7     0x17bb ./Static_Code/System/CPU_Init.o
 .debug_macro   0x00002572     0xbca7 ./Static_Code/System/CPU_Init.o
 .debug_macro   0x0000e219      0x4cc ./Static_Code/System/CPU_Init.o
 .debug_macro   0x0000e6e5      0x14e ./Static_Code/System/CPU_Init.o
 .debug_macro   0x0000e833       0x6a ./Static_Code/System/CPU_Init.o
 .debug_macro   0x0000e89d       0x58 ./Static_Code/System/CPU_Init.o
 .debug_macro   0x0000e8f5       0x35 ./Static_Code/System/CPU_Init.o
 .debug_macro   0x0000e92a       0xa3 ./Static_Code/System/CPU_Init.o
 .debug_macro   0x0000e9cd       0x16 ./Static_Code/System/CPU_Init.o
 .debug_macro   0x0000e9e3       0x22 ./Static_Code/System/CPU_Init.o
 .debug_macro   0x0000ea05       0x22 ./Static_Code/System/CPU_Init.o
 .debug_macro   0x0000ea27       0x94 ./Static_Code/System/CPU_Init.o
 .debug_macro   0x0000eabb      0x12c ./Static_Code/System/CPU_Init.o
 .debug_macro   0x0000ebe7       0x40 ./Static_Code/System/CPU_Init.o
 .debug_macro   0x0000ec27       0x1f ./Static_Code/System/CPU_Init.o
 .debug_macro   0x0000ec46       0x41 ./Static_Code/System/CPU_Init.o
 .debug_macro   0x0000ec87       0x3d ./Static_Code/System/CPU_Init.o
 .debug_macro   0x0000ecc4       0x3d ./Static_Code/System/CPU_Init.o
 .debug_macro   0x0000ed01       0x46 ./Static_Code/System/CPU_Init.o
 .debug_macro   0x0000ed47       0x1f ./Static_Code/System/CPU_Init.o
 .debug_macro   0x0000ed66       0x46 ./Static_Code/System/CPU_Init.o
 .debug_macro   0x0000edac       0x1f ./Static_Code/System/CPU_Init.o
 .debug_macro   0x0000edcb       0x65 ./Static_Code/System/CPU_Init.o
 .debug_macro   0x0000ee30       0x20 ./Static_Code/System/CPU_Init.o
 .debug_macro   0x0000ee50      0x6a6 ./Static_Code/System/CPU_Init.o
 .debug_macro   0x0000f4f6       0x82 ./Static_Code/System/CPU_Init.o
 .debug_macro   0x0000f578       0x47 ./Static_Code/System/CPU_Init.o
 .debug_macro   0x0000f5bf       0x64 ./Static_Code/System/CPU_Init.o
 .debug_macro   0x0000f623       0x2e ./Static_Code/System/CPU_Init.o
 .debug_macro   0x0000f651       0x18 ./Static_Code/System/CPU_Init.o
 .debug_macro   0x0000f669       0x57 ./Static_Code/System/CPU_Init.o
 .debug_macro   0x0000f6c0      0x4ea ./Static_Code/System/CPU_Init.o
 .debug_macro   0x0000fbaa       0x74 ./Static_Code/System/CPU_Init.o
 .debug_macro   0x0000fc1e       0x46 ./Static_Code/System/CPU_Init.o
 .debug_macro   0x0000fc64       0x1f ./Static_Code/System/CPU_Init.o
 .debug_macro   0x0000fc83       0x41 ./Static_Code/System/CPU_Init.o
 .debug_macro   0x0000fcc4       0x46 ./Static_Code/System/CPU_Init.o
 .debug_macro   0x0000fd0a       0x1f ./Static_Code/System/CPU_Init.o
 .debug_macro   0x0000fd29       0x41 ./Static_Code/System/CPU_Init.o
 .debug_macro   0x0000fd6a      0x2ab ./Static_Code/System/CPU_Init.o
 .debug_macro   0x00010015      0x2f2 ./Static_Code/System/Vectors.o
 .debug_macro   0x00010307      0x3dc ./Sources/Events.o
 .debug_macro   0x000106e3      0x6a0 ./Sources/Events.o
 .debug_macro   0x00010d83       0x51 ./Sources/Events.o
 .debug_macro   0x00010dd4      0x132 ./Sources/Events.o
 .debug_macro   0x00010f06       0x88 ./Sources/Events.o
 .debug_macro   0x00010f8e       0x28 ./Sources/Events.o
 .debug_macro   0x00010fb6       0x46 ./Sources/Events.o
 .debug_macro   0x00010ffc      0x61c ./Sources/Events.o
 .debug_macro   0x00011618      0x328 ./Sources/Events.o
 .debug_macro   0x00011940      0x109 ./Sources/Events.o
 .debug_macro   0x00011a49      0x17f ./Sources/Events.o
 .debug_macro   0x00011bc8      0x202 ./Sources/Events.o
 .debug_macro   0x00011dca      0x91e ./Sources/Events.o
 .debug_macro   0x000126e8       0x9e ./Sources/Events.o
 .debug_macro   0x00012786      0x1f9 ./Sources/Events.o
 .debug_macro   0x0001297f      0x39c ./Sources/Events.o
 .debug_macro   0x00012d1b      0x29c ./Sources/Events.o
 .debug_macro   0x00012fb7      0x264 ./Sources/Events.o
 .debug_macro   0x0001321b      0x25b ./Sources/Events.o
 .debug_macro   0x00013476      0x399 ./Sources/Events.o
 .debug_macro   0x0001380f      0x4f1 ./Sources/Events.o
 .debug_macro   0x00013d00      0x13f ./Sources/Events.o
 .debug_macro   0x00013e3f       0x6c ./Sources/Events.o
 .debug_macro   0x00013eab      0x30d ./Sources/Events.o
 .debug_macro   0x000141b8       0xbb ./Sources/Events.o
 .debug_macro   0x00014273       0xe9 ./Sources/Events.o
 .debug_macro   0x0001435c      0x18f ./Sources/Events.o
 .debug_macro   0x000144eb       0xea ./Sources/Events.o
 .debug_macro   0x000145d5      0x344 ./Sources/Events.o
 .debug_macro   0x00014919      0x824 ./Sources/Events.o
 .debug_macro   0x0001513d      0x179 ./Sources/Events.o
 .debug_macro   0x000152b6      0x9e2 ./Sources/Events.o
 .debug_macro   0x00015c98      0x129 ./Sources/Events.o
 .debug_macro   0x00015dc1      0x648 ./Sources/Events.o
 .debug_macro   0x00016409       0x81 ./Sources/Events.o
 .debug_macro   0x0001648a      0x7bf ./Sources/Events.o
 .debug_macro   0x00016c49      0x66f ./Sources/Events.o
 .debug_macro   0x000172b8       0x7b ./Sources/Events.o
 .debug_macro   0x00017333      0x182 ./Sources/Events.o
 .debug_macro   0x000174b5      0x2b8 ./Sources/functions.o
 .debug_macro   0x0001776d      0x3ef ./Sources/main.o
 .debug_macro   0x00017b5c       0x16 ./Sources/main.o
 .debug_macro   0x00017b72      0x345 ./Sources/modbusMaster.o
 .debug_macro   0x00017eb7       0x5f ./Sources/modbusMaster.o
 .debug_macro   0x00017f16       0x37 ./Sources/modbusMaster.o
 .debug_macro   0x00017f4d       0x40 ./Sources/modbusMaster.o
 .debug_macro   0x00017f8d      0x166 ./Sources/modbusMaster.o
 .debug_macro   0x000180f3       0x52 ./Sources/modbusMaster.o
 .debug_macro   0x00018145       0x16 ./Sources/modbusMaster.o
 .debug_macro   0x0001815b       0x43 ./Sources/modbusMaster.o
 .debug_macro   0x0001819e      0x180 ./Sources/modbusMaster.o
 .debug_macro   0x0001831e       0xde ./Sources/modbusMaster.o
 .debug_macro   0x000183fc      0x121 ./Project_Settings/Startup_Code/startup.o
 .debug_macro   0x0001851d       0x4a ./Project_Settings/Startup_Code/startup.o
 .debug_macro   0x00018567      0x2a6 ./Project_Settings/Startup_Code/startup.o
 .debug_macro   0x0001880d       0x10 ./Project_Settings/Startup_Code/startup.o
 .debug_macro   0x0001881d       0x35 ./Project_Settings/Startup_Code/startup.o
 .debug_macro   0x00018852       0x16 ./Project_Settings/Startup_Code/startup.o
 .debug_macro   0x00018868       0x22 ./Project_Settings/Startup_Code/startup.o
 .debug_macro   0x0001888a       0x10 ./Project_Settings/Startup_Code/startup.o
 .debug_macro   0x0001889a      0x20f ./Project_Settings/Startup_Code/startup.o
 .debug_macro   0x00018aa9     0xbc9b ./Project_Settings/Startup_Code/startup.o
 .debug_macro   0x00024744      0x113 ./Generated_Code/ASerialLdd1.o
 .debug_macro   0x00024857       0x26 ./Generated_Code/ASerialLdd1.o
 .debug_macro   0x0002487d      0x7b9 ./Generated_Code/ASerialLdd1.o
 .debug_macro   0x00025036       0xfa ./Generated_Code/BitIoLdd1.o
 .debug_macro   0x00025130       0x40 ./Generated_Code/BitIoLdd1.o
 .debug_macro   0x00025170       0xfa ./Generated_Code/BitIoLdd2.o
 .debug_macro   0x0002526a       0x40 ./Generated_Code/BitIoLdd2.o
 .debug_macro   0x000252aa       0xfa ./Generated_Code/BitIoLdd3.o
 .debug_macro   0x000253a4       0xfa ./Generated_Code/BitIoLdd4.o
 .debug_macro   0x0002549e       0xfa ./Generated_Code/BitIoLdd5.o
 .debug_macro   0x00025598       0x40 ./Generated_Code/BitIoLdd5.o
 .debug_macro   0x000255d8      0x2c3 ./Generated_Code/Cpu.o
 .debug_macro   0x0002589b      0x26a ./Generated_Code/PE_LDD.o
 .debug_macro   0x00025b05      0x10f ./Generated_Code/RealTimeLdd2.o
 .debug_macro   0x00025c14      0x2c5 ./Generated_Code/TU1.o
 .debug_macro   0x00025ed9      0x124 ./Generated_Code/blue.o
 .debug_macro   0x00025ffd      0x124 ./Generated_Code/green.o
 .debug_macro   0x00026121      0x337 ./Generated_Code/modbusSerial.o
 .debug_macro   0x00026458      0x124 ./Generated_Code/red.o
 .debug_macro   0x0002657c      0x2b3 ./Generated_Code/reset.o
 .debug_macro   0x0002682f       0xee ./Generated_Code/sleepModbus.o
 .debug_macro   0x0002691d      0x2b9 ./Generated_Code/timestamp.o

.debug_line     0x00000000     0x8227
 .debug_line    0x00000000      0x6db ./Static_Code/System/CPU_Init.o
 .debug_line    0x000006db      0xc7a ./Static_Code/System/Vectors.o
 .debug_line    0x00001355      0x776 ./Sources/Events.o
 .debug_line    0x00001acb      0x584 ./Sources/functions.o
 .debug_line    0x0000204f      0x732 ./Sources/main.o
 .debug_line    0x00002781      0x772 ./Sources/modbusMaster.o
 .debug_line    0x00002ef3      0x3e6 ./Project_Settings/Startup_Code/startup.o
 .debug_line    0x000032d9      0x496 ./Generated_Code/ASerialLdd1.o
 .debug_line    0x0000376f      0x3c0 ./Generated_Code/BitIoLdd1.o
 .debug_line    0x00003b2f      0x3c0 ./Generated_Code/BitIoLdd2.o
 .debug_line    0x00003eef      0x3c0 ./Generated_Code/BitIoLdd3.o
 .debug_line    0x000042af      0x3c2 ./Generated_Code/BitIoLdd4.o
 .debug_line    0x00004671      0x3c2 ./Generated_Code/BitIoLdd5.o
 .debug_line    0x00004a33      0x5c4 ./Generated_Code/Cpu.o
 .debug_line    0x00004ff7      0x560 ./Generated_Code/PE_LDD.o
 .debug_line    0x00005557      0x420 ./Generated_Code/RealTimeLdd2.o
 .debug_line    0x00005977      0x63b ./Generated_Code/TU1.o
 .debug_line    0x00005fb2      0x3c0 ./Generated_Code/blue.o
 .debug_line    0x00006372      0x3c2 ./Generated_Code/green.o
 .debug_line    0x00006734      0x7f1 ./Generated_Code/modbusSerial.o
 .debug_line    0x00006f25      0x3be ./Generated_Code/red.o
 .debug_line    0x000072e3      0x613 ./Generated_Code/reset.o
 .debug_line    0x000078f6      0x392 ./Generated_Code/sleepModbus.o
 .debug_line    0x00007c88      0x59f ./Generated_Code/timestamp.o

.debug_str      0x00000000    0xbf89e
 .debug_str     0x00000000    0x5d13e ./Static_Code/System/CPU_Init.o
                              0x5d2f4 (size before relaxing)
 .debug_str     0x0005d13e      0x980 ./Static_Code/System/Vectors.o
                              0x5d715 (size before relaxing)
 .debug_str     0x0005dabe    0x5df1a ./Sources/Events.o
                              0xb9ea9 (size before relaxing)
 .debug_str     0x000bb9d8       0xaa ./Sources/functions.o
                              0x5be43 (size before relaxing)
 .debug_str     0x000bba82      0x197 ./Sources/main.o
                              0xb9f74 (size before relaxing)
 .debug_str     0x000bbc19     0x1963 ./Sources/modbusMaster.o
                              0x5d9bc (size before relaxing)
 .debug_str     0x000bd57c     0x10aa ./Project_Settings/Startup_Code/startup.o
                              0x45bd1 (size before relaxing)
 .debug_str     0x000be626      0x3a0 ./Generated_Code/ASerialLdd1.o
                              0x5b6a8 (size before relaxing)
 .debug_str     0x000be9c6       0xe7 ./Generated_Code/BitIoLdd1.o
                              0x4d4fb (size before relaxing)
 .debug_str     0x000beaad       0xa0 ./Generated_Code/BitIoLdd2.o
                              0x4d4fb (size before relaxing)
 .debug_str     0x000beb4d       0xa0 ./Generated_Code/BitIoLdd3.o
                              0x4d4fb (size before relaxing)
 .debug_str     0x000bebed       0xa0 ./Generated_Code/BitIoLdd4.o
                              0x4d4fb (size before relaxing)
 .debug_str     0x000bec8d       0xa0 ./Generated_Code/BitIoLdd5.o
                              0x4d4fb (size before relaxing)
 .debug_str     0x000bed2d       0x28 ./Generated_Code/Cpu.o
                              0x5be60 (size before relaxing)
 .debug_str     0x000bed55      0x166 ./Generated_Code/PE_LDD.o
                              0x5bf02 (size before relaxing)
 .debug_str     0x000beebb      0x102 ./Generated_Code/RealTimeLdd2.o
                              0x55ad4 (size before relaxing)
 .debug_str     0x000befbd      0x241 ./Generated_Code/TU1.o
                              0x5c184 (size before relaxing)
 .debug_str     0x000bf1fe       0x45 ./Generated_Code/blue.o
                              0x4d5fd (size before relaxing)
 .debug_str     0x000bf243       0x43 ./Generated_Code/green.o
                              0x4d60e (size before relaxing)
 .debug_str     0x000bf286      0x35c ./Generated_Code/modbusSerial.o
                              0x5c159 (size before relaxing)
 .debug_str     0x000bf5e2       0x3b ./Generated_Code/red.o
                              0x4d5ec (size before relaxing)
 .debug_str     0x000bf61d      0x114 ./Generated_Code/reset.o
                              0x5c09d (size before relaxing)
 .debug_str     0x000bf731       0xa8 ./Generated_Code/sleepModbus.o
                              0x4c954 (size before relaxing)
 .debug_str     0x000bf7d9       0xc5 ./Generated_Code/timestamp.o
                              0x5bfe2 (size before relaxing)

.comment        0x00000000       0x70
 .comment       0x00000000       0x70 ./Static_Code/System/CPU_Init.o
                                 0x71 (size before relaxing)
 .comment       0x00000000       0x71 ./Static_Code/System/Vectors.o
 .comment       0x00000000       0x71 ./Sources/Events.o
 .comment       0x00000000       0x71 ./Sources/functions.o
 .comment       0x00000000       0x71 ./Sources/main.o
 .comment       0x00000000       0x71 ./Sources/modbusMaster.o
 .comment       0x00000000       0x71 ./Project_Settings/Startup_Code/startup.o
 .comment       0x00000000       0x71 ./Generated_Code/ASerialLdd1.o
 .comment       0x00000000       0x71 ./Generated_Code/BitIoLdd1.o
 .comment       0x00000000       0x71 ./Generated_Code/BitIoLdd2.o
 .comment       0x00000000       0x71 ./Generated_Code/BitIoLdd3.o
 .comment       0x00000000       0x71 ./Generated_Code/BitIoLdd4.o
 .comment       0x00000000       0x71 ./Generated_Code/BitIoLdd5.o
 .comment       0x00000000       0x71 ./Generated_Code/Cpu.o
 .comment       0x00000000       0x71 ./Generated_Code/PE_LDD.o
 .comment       0x00000000       0x71 ./Generated_Code/RealTimeLdd2.o
 .comment       0x00000000       0x71 ./Generated_Code/TU1.o
 .comment       0x00000000       0x71 ./Generated_Code/blue.o
 .comment       0x00000000       0x71 ./Generated_Code/green.o
 .comment       0x00000000       0x71 ./Generated_Code/modbusSerial.o
 .comment       0x00000000       0x71 ./Generated_Code/red.o
 .comment       0x00000000       0x71 ./Generated_Code/reset.o
 .comment       0x00000000       0x71 ./Generated_Code/sleepModbus.o
 .comment       0x00000000       0x71 ./Generated_Code/timestamp.o

.debug_frame    0x00000000     0x1c3c
 .debug_frame   0x00000000       0x9c ./Static_Code/System/CPU_Init.o
 .debug_frame   0x0000009c      0xcb0 ./Static_Code/System/Vectors.o
 .debug_frame   0x00000d4c      0x114 ./Sources/Events.o
 .debug_frame   0x00000e60       0x60 ./Sources/functions.o
 .debug_frame   0x00000ec0       0x2c ./Sources/main.o
 .debug_frame   0x00000eec      0x11c ./Sources/modbusMaster.o
 .debug_frame   0x00001008       0xc0 ./Project_Settings/Startup_Code/startup.o
 .debug_frame   0x000010c8       0xec ./Generated_Code/ASerialLdd1.o
 .debug_frame   0x000011b4       0x9c ./Generated_Code/BitIoLdd1.o
 .debug_frame   0x00001250       0x9c ./Generated_Code/BitIoLdd2.o
 .debug_frame   0x000012ec       0x9c ./Generated_Code/BitIoLdd3.o
 .debug_frame   0x00001388       0x9c ./Generated_Code/BitIoLdd4.o
 .debug_frame   0x00001424       0x9c ./Generated_Code/BitIoLdd5.o
 .debug_frame   0x000014c0       0x50 ./Generated_Code/Cpu.o
 .debug_frame   0x00001510       0x64 ./Generated_Code/PE_LDD.o
 .debug_frame   0x00001574       0xa8 ./Generated_Code/RealTimeLdd2.o
 .debug_frame   0x0000161c       0xdc ./Generated_Code/TU1.o
 .debug_frame   0x000016f8       0x64 ./Generated_Code/blue.o
 .debug_frame   0x0000175c       0x64 ./Generated_Code/green.o
 .debug_frame   0x000017c0      0x1c8 ./Generated_Code/modbusSerial.o
 .debug_frame   0x00001988       0x64 ./Generated_Code/red.o
 .debug_frame   0x000019ec       0xdc ./Generated_Code/reset.o
 .debug_frame   0x00001ac8       0x90 ./Generated_Code/sleepModbus.o
 .debug_frame   0x00001b58       0x50 ./Generated_Code/timestamp.o
 .debug_frame   0x00001ba8       0x28 c:/freescale/kds_v3/toolchain/bin/../lib/gcc/arm-none-eabi/4.8.4/../../../../arm-none-eabi/lib/armv7e-m/fpu\libg_s.a(lib_a-exit.o)
 .debug_frame   0x00001bd0       0x2c c:/freescale/kds_v3/toolchain/bin/../lib/gcc/arm-none-eabi/4.8.4/../../../../arm-none-eabi/lib/armv7e-m/fpu\libg_s.a(lib_a-init.o)
 .debug_frame   0x00001bfc       0x20 c:/freescale/kds_v3/toolchain/bin/../lib/gcc/arm-none-eabi/4.8.4/../../../../arm-none-eabi/lib/armv7e-m/fpu\libg_s.a(lib_a-memset.o)
 .debug_frame   0x00001c1c       0x20 c:/freescale/kds_v3/toolchain/bin/../lib/gcc/arm-none-eabi/4.8.4/../../../../arm-none-eabi/lib/armv7e-m/fpu\libnosys.a(_exit.o)
